// Game: Duke Forever
// Format: Quake3 (legacy)
// entity 0
{
"classname" "worldspawn"
"_keepLights" "1"
"_tb_textures" "textures/m_dnWeapon;textures/m_hands;textures/triggers;textures/vegas"
// brush 0
{
( -256 -48 -16 ) ( -256 -47 -16 ) ( -256 -48 -15 ) vegas/cesfloor1RC 0 0 0 0.5 0.5
( 0 -912 -16 ) ( 0 -912 -15 ) ( 1 -912 -16 ) vegas/cesfloor1RC 0 0 0 0.5 0.5
( 0 -48 -16 ) ( 1 -48 -16 ) ( 0 -47 -16 ) vegas/cesfloor1RC 0 0 0 0.5 0.5
( 128 80 16 ) ( 128 81 16 ) ( 129 80 16 ) vegas/cesfloor1RC 0 0 0 0.5 0.5
( 128 240 16 ) ( 129 240 16 ) ( 128 240 17 ) vegas/cesfloor1RC 0 0 0 0.5 0.5
( 928 80 16 ) ( 928 80 17 ) ( 928 81 16 ) vegas/cesfloor1RC 0 0 0 0.5 0.5
}
// brush 1
{
( 928 64 16 ) ( 928 65 16 ) ( 928 64 17 ) vegas/fancybrick_1 0 15 0 1 2.5
( 800 -928 -16 ) ( 800 -928 -15 ) ( 801 -928 -16 ) vegas/fancybrick_1 0 15 0 1 2.5
( 928 64 16 ) ( 929 64 16 ) ( 928 65 16 ) vegas/fancybrick_1 0 15 0 1 2.5
( 928 64 384 ) ( 928 65 384 ) ( 929 64 384 ) vegas/fancybrick_1 0 15 0 1 2.5
( 928 256 16 ) ( 929 256 16 ) ( 928 256 17 ) vegas/fancybrick_1 0 15 0 1 2.5
( 944 64 16 ) ( 944 64 17 ) ( 944 65 16 ) vegas/fancybrick_1 0 15 0 1 2.5
}
// brush 2
{
( -256 -704 -16 ) ( -256 -703 -16 ) ( -256 -704 -15 ) vegas/fancybrick_1 0 13 0 1 2.5
( 0 -864 -16 ) ( 0 -864 -15 ) ( 1 -864 -16 ) vegas/fancybrick_1 0 13 0 1 2.5
( 128 -576 16 ) ( 129 -576 16 ) ( 128 -575 16 ) vegas/fancybrick_1 0 13 0 1 2.5
( 128 -576 400 ) ( 128 -575 400 ) ( 129 -576 400 ) vegas/fancybrick_1 0 13 0 1 2.5
( 0 -848 -16 ) ( 1 -848 -16 ) ( 0 -848 -15 ) vegas/fancybrick_1 0 13 0 1 2.5
( 976 -576 16 ) ( 976 -576 17 ) ( 976 -575 16 ) vegas/fancybrick_1 0 13 0 1 2.5
}
// brush 3
{
( -256 -48 -16 ) ( -256 -47 -16 ) ( -256 -48 -15 ) __TB_empty 0 0 0 0.5 0.5
( 128 240 16 ) ( 128 240 17 ) ( 129 240 16 ) __TB_empty 0 0 0 0.5 0.5
( 0 -48 -16 ) ( 1 -48 -16 ) ( 0 -47 -16 ) __TB_empty 0 0 0 0.5 0.5
( 128 80 16 ) ( 128 81 16 ) ( 129 80 16 ) __TB_empty 0 0 0 0.5 0.5
( 128 256 16 ) ( 129 256 16 ) ( 128 256 17 ) __TB_empty 0 0 0 0.5 0.5
( 128 80 16 ) ( 128 80 17 ) ( 128 81 16 ) __TB_empty 0 0 0 0.5 0.5
}
// brush 4
{
( -256 -48 -16 ) ( -256 -47 -16 ) ( -256 -48 -15 ) vegas/fancybrick_1 0 15 0 1 2.5
( 128 240 16 ) ( 128 240 17 ) ( 129 240 16 ) vegas/fancybrick_1 0 15 0 1 2.5
( 128 80 16 ) ( 129 80 16 ) ( 128 81 16 ) vegas/fancybrick_1 0 15 0 1 2.5
( 128 80 384 ) ( 128 81 384 ) ( 129 80 384 ) vegas/fancybrick_1 0 15 0 1 2.5
( 128 256 16 ) ( 129 256 16 ) ( 128 256 17 ) vegas/fancybrick_1 0 15 0 1 2.5
( 928 80 16 ) ( 928 80 17 ) ( 928 81 16 ) vegas/fancybrick_1 0 15 0 1 2.5
}
// brush 5
{
( -272 -48 -16 ) ( -272 -47 -16 ) ( -272 -48 -15 ) __TB_empty 0 0 0 0.5 0.5
( 0 -192 -16 ) ( 0 -192 -15 ) ( 1 -192 -16 ) __TB_empty 0 0 0 0.5 0.5
( 0 -48 -16 ) ( 1 -48 -16 ) ( 0 -47 -16 ) __TB_empty 0 0 0 0.5 0.5
( 128 80 16 ) ( 128 81 16 ) ( 129 80 16 ) __TB_empty 0 0 0 0.5 0.5
( 128 240 16 ) ( 129 240 16 ) ( 128 240 17 ) __TB_empty 0 0 0 0.5 0.5
( -256 -48 -16 ) ( -256 -48 -15 ) ( -256 -47 -16 ) __TB_empty 0 0 0 0.5 0.5
}
// brush 6
{
( -272 -48 -16 ) ( -272 -47 -16 ) ( -272 -48 -15 ) vegas/fancybrick_1 0 15 0 1 2.5
( 0 -864 -16 ) ( 0 -864 -15 ) ( 1 -864 -16 ) vegas/fancybrick_1 0 15 0 1 2.5
( 128 80 16 ) ( 129 80 16 ) ( 128 81 16 ) vegas/fancybrick_1 0 15 0 1 2.5
( 128 80 384 ) ( 128 81 384 ) ( 129 80 384 ) vegas/fancybrick_1 0 15 0 1 2.5
( 128 240 16 ) ( 129 240 16 ) ( 128 240 17 ) vegas/fancybrick_1 0 15 0 1 2.5
( -256 -48 -16 ) ( -256 -48 -15 ) ( -256 -47 -16 ) vegas/fancybrick_1 0 15 0 1 2.5
}
// brush 7
{
( -256 -48 384 ) ( -256 -47 384 ) ( -256 -48 385 ) vegas/outwardd1btw 0 0 0 0.5 0.5
( 0 -944 384 ) ( 0 -944 385 ) ( 1 -944 384 ) vegas/outwardd1btw 0 0 0 0.5 0.5
( 0 -48 384 ) ( 1 -48 384 ) ( 0 -47 384 ) vegas/outwardd1btw 0 0 0 0.5 0.5
( 128 80 416 ) ( 128 81 416 ) ( 129 80 416 ) vegas/outwardd1btw 0 0 0 0.5 0.5
( 128 240 416 ) ( 129 240 416 ) ( 128 240 417 ) vegas/outwardd1btw 0 0 0 0.5 0.5
( 960 80 416 ) ( 960 80 417 ) ( 960 81 416 ) vegas/outwardd1btw 0 0 0 0.5 0.5
}
}
// entity 1
{
"classname" "info_player_start"
"origin" "-224 32 40"
}
// entity 2
{
"classname" "misc_model"
"origin" "64 -160 16"
"model" "models/zone1_vegas/slotstool2/slotstool2.md3"
}
// entity 3
{
"classname" "weapon_shotgun"
"origin" "-64 -16 32"
}
// entity 4
{
"classname" "misc_model"
"origin" "48 -192 16"
"model" "models/zone1_new_vegas/slotmachine1/slotmachine1.md3"
}
// entity 5
{
"classname" "misc_model"
"origin" "-32 -160 16"
"model" "models/zone1_vegas/slotstool2/slotstool2.md3"
}
// entity 6
{
"classname" "misc_model"
"origin" "-32 -192 16"
"model" "models/zone1_new_vegas/slotmachine1/slotmachine1.md3"
}
// entity 7
{
"classname" "misc_model"
"origin" "-112 -160 16"
"model" "models/zone1_vegas/slotstool2/slotstool2.md3"
}
// entity 8
{
"classname" "misc_model"
"origin" "-112 -192 16"
"model" "models/zone1_new_vegas/slotmachine1/slotmachine1.md3"
}
// entity 9
{
"classname" "misc_model"
"origin" "-208 -176 16"
"model" "models/zone1_vegas/slotstool2/slotstool2.md3"
}
// entity 10
{
"classname" "misc_model"
"origin" "-208 -208 16"
"model" "models/zone1_new_vegas/slotmachine1/slotmachine1.md3"
}
// entity 11
{
"classname" "misc_model"
"origin" "400 0 16"
"model" "models/zone1_vegas/slotstool2/slotstool2.md3"
}
// entity 12
{
"classname" "misc_model"
"origin" "384 -32 16"
"model" "models/zone1_new_vegas/slotmachine1/slotmachine1.md3"
}
// entity 13
{
"classname" "misc_model"
"origin" "320 -64 16"
"model" "models/zone1_vegas/slotstool2/slotstool2.md3"
"angles" "0 90 0"
}
// entity 14
{
"classname" "misc_model"
"origin" "464 -80 16"
"model" "models/zone1_vegas/slotstool2/slotstool2.md3"
"angles" "0 -90 0"
}
// entity 15
{
"classname" "misc_model"
"origin" "432 -64 16"
"model" "models/zone1_new_vegas/slotmachine1/slotmachine1.md3"
"angles" "0 -90 0"
}
// entity 16
{
"classname" "misc_model"
"origin" "384 -144 16"
"model" "models/zone1_vegas/slotstool2/slotstool2.md3"
"angles" "0 180 0"
}
// entity 17
{
"classname" "misc_model"
"origin" "400 -112 16"
"model" "models/zone1_new_vegas/slotmachine1/slotmachine1.md3"
"angles" "0 180 0"
}
// entity 18
{
"classname" "misc_model"
"origin" "-192 -256 16"
"model" "models/zone1_new_vegas/slotmachine1/slotmachine1.md3"
"angles" "0 180 0"
}
// entity 19
{
"classname" "misc_model"
"origin" "-208 -288 16"
"model" "models/zone1_vegas/slotstool2/slotstool2.md3"
"angles" "0 180 0"
}
// entity 20
{
"classname" "misc_model"
"origin" "-112 -256 16"
"model" "models/zone1_new_vegas/slotmachine1/slotmachine1.md3"
"angles" "0 180 0"
}
// entity 21
{
"classname" "misc_model"
"origin" "-112 -288 16"
"model" "models/zone1_vegas/slotstool2/slotstool2.md3"
"angles" "0 180 0"
}
// entity 22
{
"classname" "misc_model"
"origin" "-32 -256 16"
"model" "models/zone1_new_vegas/slotmachine1/slotmachine1.md3"
"angles" "0 180 0"
}
// entity 23
{
"classname" "misc_model"
"origin" "-32 -288 16"
"model" "models/zone1_vegas/slotstool2/slotstool2.md3"
"angles" "0 180 0"
}
// entity 24
{
"classname" "misc_model"
"origin" "64 -240 16"
"model" "models/zone1_new_vegas/slotmachine1/slotmachine1.md3"
"angles" "0 180 0"
}
// entity 25
{
"classname" "misc_model"
"origin" "64 -272 16"
"model" "models/zone1_vegas/slotstool2/slotstool2.md3"
"angles" "0 180 0"
}
// entity 26
{
"classname" "light"
"origin" "376 120 168"
}
// entity 27
{
"classname" "light"
"origin" "-216 -424 136"
}
// entity 28
{
"classname" "light"
"origin" "-152 8 200"
}
// entity 29
{
"classname" "misc_model"
"origin" "352 -80 16"
"model" "models/zone1_new_vegas/slotmachine1/slotmachine1.md3"
"angles" "0 90 0"
}
// entity 30
{
"classname" "light"
"origin" "328 -408 136"
}
// entity 31
{
"classname" "misc_model"
"origin" "-208 192 16"
"model" "models/zone1_vegas/slotstool2/slotstool2.md3"
"angles" "0 180 0"
}
// entity 32
{
"classname" "misc_model"
"origin" "-208 224 16"
"model" "models/zone1_new_vegas/slotmachine1/slotmachine1.md3"
"angles" "0 180 0"
}
// entity 33
{
"classname" "misc_model"
"origin" "-48 224 16"
"model" "models/zone1_new_vegas/slotmachine1/slotmachine1.md3"
"angles" "0 180 0"
}
// entity 34
{
"classname" "misc_model"
"origin" "-48 192 16"
"model" "models/zone1_vegas/slotstool2/slotstool2.md3"
"angles" "0 180 0"
}
// entity 35
{
"classname" "misc_model"
"origin" "112 224 16"
"model" "models/zone1_new_vegas/slotmachine1/slotmachine1.md3"
"angles" "0 180 0"
}
// entity 36
{
"classname" "misc_model"
"origin" "112 192 16"
"model" "models/zone1_vegas/slotstool2/slotstool2.md3"
"angles" "0 180 0"
}
// entity 37
{
"classname" "misc_model"
"origin" "288 224 16"
"model" "models/zone1_new_vegas/slotmachine1/slotmachine1.md3"
"angles" "0 180 0"
}
// entity 38
{
"classname" "misc_model"
"origin" "288 192 16"
"model" "models/zone1_vegas/slotstool2/slotstool2.md3"
"angles" "0 180 0"
}
// entity 39
{
"classname" "misc_model"
"origin" "400 -480 16"
"model" "models/zone1_new_vegas/slotmachine1/slotmachine1.md3"
"angles" "0 -90 0"
}
// entity 40
{
"classname" "misc_model"
"origin" "432 -496 16"
"model" "models/zone1_vegas/slotstool2/slotstool2.md3"
"angles" "0 -90 0"
}
// entity 41
{
"classname" "misc_model"
"origin" "352 -560 16"
"model" "models/zone1_vegas/slotstool2/slotstool2.md3"
"angles" "0 180 0"
}
// entity 42
{
"classname" "misc_model"
"origin" "368 -528 16"
"model" "models/zone1_new_vegas/slotmachine1/slotmachine1.md3"
"angles" "0 180 0"
}
// entity 43
{
"classname" "misc_model"
"origin" "320 -496 16"
"model" "models/zone1_new_vegas/slotmachine1/slotmachine1.md3"
"angles" "0 90 0"
}
// entity 44
{
"classname" "misc_model"
"origin" "288 -480 16"
"model" "models/zone1_vegas/slotstool2/slotstool2.md3"
"angles" "0 90 0"
}
// entity 45
{
"classname" "misc_model"
"origin" "352 -448 16"
"model" "models/zone1_new_vegas/slotmachine1/slotmachine1.md3"
}
// entity 46
{
"classname" "misc_model"
"origin" "368 -416 16"
"model" "models/zone1_vegas/slotstool2/slotstool2.md3"
}
// entity 47
{
"classname" "misc_model"
"origin" "768 -496 16"
"model" "models/zone1_new_vegas/slotmachine1/slotmachine1.md3"
"angles" "0 -90 0"
}
// entity 48
{
"classname" "misc_model"
"origin" "800 -512 16"
"model" "models/zone1_vegas/slotstool2/slotstool2.md3"
"angles" "0 -90 0"
}
// entity 49
{
"classname" "misc_model"
"origin" "720 -576 16"
"model" "models/zone1_vegas/slotstool2/slotstool2.md3"
"angles" "0 180 0"
}
// entity 50
{
"classname" "misc_model"
"origin" "736 -544 16"
"model" "models/zone1_new_vegas/slotmachine1/slotmachine1.md3"
"angles" "0 180 0"
}
// entity 51
{
"classname" "misc_model"
"origin" "688 -512 16"
"model" "models/zone1_new_vegas/slotmachine1/slotmachine1.md3"
"angles" "0 90 0"
}
// entity 52
{
"classname" "misc_model"
"origin" "656 -496 16"
"model" "models/zone1_vegas/slotstool2/slotstool2.md3"
"angles" "0 90 0"
}
// entity 53
{
"classname" "misc_model"
"origin" "720 -464 16"
"model" "models/zone1_new_vegas/slotmachine1/slotmachine1.md3"
}
// entity 54
{
"classname" "misc_model"
"origin" "736 -432 16"
"model" "models/zone1_vegas/slotstool2/slotstool2.md3"
}
// entity 55
{
"classname" "misc_model"
"origin" "752 -96 16"
"model" "models/zone1_new_vegas/slotmachine1/slotmachine1.md3"
"angles" "0 -90 0"
}
// entity 56
{
"classname" "misc_model"
"origin" "784 -112 16"
"model" "models/zone1_vegas/slotstool2/slotstool2.md3"
"angles" "0 -90 0"
}
// entity 57
{
"classname" "misc_model"
"origin" "704 -176 16"
"model" "models/zone1_vegas/slotstool2/slotstool2.md3"
"angles" "0 180 0"
}
// entity 58
{
"classname" "misc_model"
"origin" "720 -144 16"
"model" "models/zone1_new_vegas/slotmachine1/slotmachine1.md3"
"angles" "0 180 0"
}
// entity 59
{
"classname" "misc_model"
"origin" "672 -112 16"
"model" "models/zone1_new_vegas/slotmachine1/slotmachine1.md3"
"angles" "0 90 0"
}
// entity 60
{
"classname" "misc_model"
"origin" "640 -96 16"
"model" "models/zone1_vegas/slotstool2/slotstool2.md3"
"angles" "0 90 0"
}
// entity 61
{
"classname" "misc_model"
"origin" "704 -64 16"
"model" "models/zone1_new_vegas/slotmachine1/slotmachine1.md3"
}
// entity 62
{
"classname" "misc_model"
"origin" "720 -32 16"
"model" "models/zone1_vegas/slotstool2/slotstool2.md3"
}
// entity 63
{
"classname" "light"
"origin" "536 232 120"
}
// entity 64
{
"classname" "light"
"origin" "760 40 120"
}
// entity 65
{
"classname" "light"
"origin" "616 -744 88"
}
// entity 66
{
"classname" "light"
"origin" "824 -392 88"
}
// entity 67
{
"classname" "misc_model"
"origin" "48 -128 16"
"model" "models/zone1_new_vegas/slotmachine1/slotmachine1.md3"
}
// entity 68
{
"classname" "misc_model"
"origin" "64 -96 32"
"model" "models/zone1_vegas/slotstool2/slotstool2.md3"
}
// entity 69
{
"classname" "misc_model"
"origin" "-32 -96 32"
"model" "models/zone1_vegas/slotstool2/slotstool2.md3"
}
// entity 70
{
"classname" "misc_model"
"origin" "-32 -128 16"
"model" "models/zone1_new_vegas/slotmachine1/slotmachine1.md3"
}
// entity 71
{
"classname" "misc_model"
"origin" "-112 -128 16"
"model" "models/zone1_new_vegas/slotmachine1/slotmachine1.md3"
}
// entity 72
{
"classname" "misc_model"
"origin" "-112 -96 32"
"model" "models/zone1_vegas/slotstool2/slotstool2.md3"
}
// entity 73
{
"classname" "misc_model"
"origin" "-208 -144 16"
"model" "models/zone1_new_vegas/slotmachine1/slotmachine1.md3"
}
// entity 74
{
"classname" "misc_model"
"origin" "-208 -112 32"
"model" "models/zone1_vegas/slotstool2/slotstool2.md3"
}
// entity 75
{
"classname" "misc_model"
"origin" "64 -176 32"
"model" "models/zone1_new_vegas/slotmachine1/slotmachine1.md3"
"angles" "0 180 0"
}
// entity 76
{
"classname" "misc_model"
"origin" "64 -208 32"
"model" "models/zone1_vegas/slotstool2/slotstool2.md3"
"angles" "0 180 0"
}
// entity 77
{
"classname" "misc_model"
"origin" "-32 -192 32"
"model" "models/zone1_new_vegas/slotmachine1/slotmachine1.md3"
"angles" "0 180 0"
}
// entity 78
{
"classname" "misc_model"
"origin" "-32 -224 32"
"model" "models/zone1_vegas/slotstool2/slotstool2.md3"
"angles" "0 180 0"
}
// entity 79
{
"classname" "misc_model"
"origin" "-112 -192 32"
"model" "models/zone1_new_vegas/slotmachine1/slotmachine1.md3"
"angles" "0 180 0"
}
// entity 80
{
"classname" "misc_model"
"origin" "-112 -224 32"
"model" "models/zone1_vegas/slotstool2/slotstool2.md3"
"angles" "0 180 0"
}
// entity 81
{
"classname" "misc_model"
"origin" "-192 -192 32"
"model" "models/zone1_new_vegas/slotmachine1/slotmachine1.md3"
"angles" "0 180 0"
}
// entity 82
{
"classname" "misc_model"
"origin" "-208 -224 32"
"model" "models/zone1_vegas/slotstool2/slotstool2.md3"
"angles" "0 180 0"
}
// entity 83
{
"classname" "misc_model"
"origin" "48 -592 16"
"model" "models/zone1_new_vegas/slotmachine1/slotmachine1.md3"
}
// entity 84
{
"classname" "misc_model"
"origin" "64 -560 16"
"model" "models/zone1_vegas/slotstool2/slotstool2.md3"
}
// entity 85
{
"classname" "misc_model"
"origin" "-32 -560 16"
"model" "models/zone1_vegas/slotstool2/slotstool2.md3"
}
// entity 86
{
"classname" "misc_model"
"origin" "-32 -592 16"
"model" "models/zone1_new_vegas/slotmachine1/slotmachine1.md3"
}
// entity 87
{
"classname" "misc_model"
"origin" "-112 -592 16"
"model" "models/zone1_new_vegas/slotmachine1/slotmachine1.md3"
}
// entity 88
{
"classname" "misc_model"
"origin" "-112 -560 16"
"model" "models/zone1_vegas/slotstool2/slotstool2.md3"
}
// entity 89
{
"classname" "misc_model"
"origin" "-208 -608 16"
"model" "models/zone1_new_vegas/slotmachine1/slotmachine1.md3"
}
// entity 90
{
"classname" "misc_model"
"origin" "-208 -576 16"
"model" "models/zone1_vegas/slotstool2/slotstool2.md3"
}
// entity 91
{
"classname" "misc_model"
"origin" "64 -640 16"
"model" "models/zone1_new_vegas/slotmachine1/slotmachine1.md3"
"angles" "0 180 0"
}
// entity 92
{
"classname" "misc_model"
"origin" "64 -672 16"
"model" "models/zone1_vegas/slotstool2/slotstool2.md3"
"angles" "0 180 0"
}
// entity 93
{
"classname" "misc_model"
"origin" "-32 -656 16"
"model" "models/zone1_new_vegas/slotmachine1/slotmachine1.md3"
"angles" "0 180 0"
}
// entity 94
{
"classname" "misc_model"
"origin" "-32 -688 16"
"model" "models/zone1_vegas/slotstool2/slotstool2.md3"
"angles" "0 180 0"
}
// entity 95
{
"classname" "misc_model"
"origin" "-112 -656 16"
"model" "models/zone1_new_vegas/slotmachine1/slotmachine1.md3"
"angles" "0 180 0"
}
// entity 96
{
"classname" "misc_model"
"origin" "-112 -688 16"
"model" "models/zone1_vegas/slotstool2/slotstool2.md3"
"angles" "0 180 0"
}
// entity 97
{
"classname" "misc_model"
"origin" "-192 -656 16"
"model" "models/zone1_new_vegas/slotmachine1/slotmachine1.md3"
"angles" "0 180 0"
}
// entity 98
{
"classname" "misc_model"
"origin" "-208 -688 16"
"model" "models/zone1_vegas/slotstool2/slotstool2.md3"
"angles" "0 180 0"
}
// entity 99
{
"classname" "misc_model"
"origin" "640 192 16"
"model" "models/zone1_vegas/slotstool2/slotstool2.md3"
"angles" "0 180 0"
}
// entity 100
{
"classname" "misc_model"
"origin" "640 224 16"
"model" "models/zone1_new_vegas/slotmachine1/slotmachine1.md3"
"angles" "0 180 0"
}
// entity 101
{
"classname" "misc_model"
"origin" "464 192 16"
"model" "models/zone1_vegas/slotstool2/slotstool2.md3"
"angles" "0 180 0"
}
// entity 102
{
"classname" "misc_model"
"origin" "464 224 16"
"model" "models/zone1_new_vegas/slotmachine1/slotmachine1.md3"
"angles" "0 180 0"
}
// entity 103
{
"classname" "misc_model"
"origin" "816 208 16"
"model" "models/zone1_new_vegas/slotmachine1/slotmachine1.md3"
"angles" "0 180 0"
}
// entity 104
{
"classname" "misc_model"
"origin" "816 176 16"
"model" "models/zone1_vegas/slotstool2/slotstool2.md3"
"angles" "0 180 0"
}
// entity 105
{
"classname" "misc_model"
"origin" "896 80 16"
"model" "models/zone1_new_vegas/slotmachine1/slotmachine1.md3"
"angles" "0 90 0"
}
// entity 106
{
"classname" "misc_model"
"origin" "864 96 16"
"model" "models/zone1_vegas/slotstool2/slotstool2.md3"
"angles" "0 90 0"
}
// entity 107
{
"classname" "misc_model"
"origin" "912 -32 16"
"model" "models/zone1_new_vegas/slotmachine1/slotmachine1.md3"
"angles" "0 90 0"
}
// entity 108
{
"classname" "misc_model"
"origin" "880 -16 16"
"model" "models/zone1_vegas/slotstool2/slotstool2.md3"
"angles" "0 90 0"
}
// entity 109
{
"classname" "misc_model"
"origin" "912 -160 16"
"model" "models/zone1_new_vegas/slotmachine1/slotmachine1.md3"
"angles" "0 90 0"
}
// entity 110
{
"classname" "misc_model"
"origin" "880 -144 16"
"model" "models/zone1_vegas/slotstool2/slotstool2.md3"
"angles" "0 90 0"
}
// entity 111
{
"classname" "misc_model"
"origin" "912 -304 16"
"model" "models/zone1_new_vegas/slotmachine1/slotmachine1.md3"
"angles" "0 90 0"
}
// entity 112
{
"classname" "misc_model"
"origin" "880 -288 16"
"model" "models/zone1_vegas/slotstool2/slotstool2.md3"
"angles" "0 90 0"
}
// entity 113
{
"classname" "misc_model"
"origin" "912 -480 16"
"model" "models/zone1_new_vegas/slotmachine1/slotmachine1.md3"
"angles" "0 90 0"
}
// entity 114
{
"classname" "misc_model"
"origin" "880 -464 16"
"model" "models/zone1_vegas/slotstool2/slotstool2.md3"
"angles" "0 90 0"
}
// entity 115
{
"classname" "misc_model"
"origin" "912 -656 16"
"model" "models/zone1_new_vegas/slotmachine1/slotmachine1.md3"
"angles" "0 90 0"
}
// entity 116
{
"classname" "misc_model"
"origin" "880 -640 16"
"model" "models/zone1_vegas/slotstool2/slotstool2.md3"
"angles" "0 90 0"
}
